── Attaching packages ────────────────────────────────────── tidymodels 1.4.1 ──
✔ broom        1.0.12     ✔ recipes      1.3.2 
✔ dials        1.4.3      ✔ rsample      1.3.2 
✔ dplyr        1.2.1      ✔ tailor       0.1.0 
✔ ggplot2      4.0.2      ✔ tidyr        1.3.2 
✔ infer        1.1.0      ✔ tune         2.0.1 
✔ modeldata    1.5.1      ✔ workflows    1.3.0 
✔ parsnip      1.5.0      ✔ workflowsets 1.1.1 
✔ purrr        1.2.2      ✔ yardstick    1.4.0 
── Conflicts ───────────────────────────────────────── tidymodels_conflicts() ──
✖ purrr::discard() masks scales::discard()
✖ dplyr::filter()  masks stats::filter()
✖ dplyr::lag()     masks stats::lag()
✖ recipes::step()  masks stats::step()

Attaching package: ‘vip’

The following object is masked from ‘package:utils’:

    vi

── Attaching core tidyverse packages ──────────────────────── tidyverse 2.0.0 ──
✔ forcats   1.0.1     ✔ stringr   1.5.1
✔ lubridate 1.9.5     ✔ tibble    3.2.1
✔ readr     2.2.0     
── Conflicts ────────────────────────────────────────── tidyverse_conflicts() ──
✖ readr::col_factor() masks scales::col_factor()
✖ purrr::discard()    masks scales::discard()
✖ dplyr::filter()     masks stats::filter()
✖ stringr::fixed()    masks recipes::fixed()
✖ dplyr::lag()        masks stats::lag()
✖ readr::spec()       masks yardstick::spec()
ℹ Use the conflicted package (<http://conflicted.r-lib.org/>) to force all conflicts to become errors
Loading required package: foreach

Attaching package: ‘foreach’

The following objects are masked from ‘package:purrr’:

    accumulate, when

Loading required package: iterators
Loading required package: parallel
Rows: 107216 Columns: 22
── Column specification ────────────────────────────────────────────────────────
Delimiter: ","
chr   (3): site, hybrid, previous_crop
dbl  (17): yield_mg_ha, year, n_plots, longitude, latitude, soilp_h, om_pct,...
date  (2): date_planted, date_harvested

ℹ Use `spec()` to retrieve the full column specification for this data.
ℹ Specify the column types or set `show_col_types = FALSE` to quiet this message.
Rows: 10057 Columns: 94
── Column specification ────────────────────────────────────────────────────────
Delimiter: ","
chr  (3): site, hybrid, previous_crop
dbl (91): year, longitude, latitude, soilp_h, om_pct, soilk_ppm, soilp_ppm, ...

ℹ Use `spec()` to retrieve the full column specification for this data.
ℹ Specify the column types or set `show_col_types = FALSE` to quiet this message.
Text saved: mw_data_glimpse.txt
Plot saved: mw_01_yield_distribution.png
Plot saved: mw_02_missing_data.png
CSV  saved: mw_02_missing_data_table.csv
CSV  saved: mw_04_xgb_hyperparam_grid.csv
CSV  saved: mw_04_lgbm_hyperparam_grid.csv
Plot saved: mw_04_xgb_grid_viz.png
i Fold07: preprocessor 1/1
i Fold07: preprocessor 1/1, model 1/1
→ A | error:   The columns "date_planted" and "date_harvested" are non-numeric, so the
               data cannot be converted to a numeric matrix.
i Fold09: preprocessor 1/1
i Fold09: preprocessor 1/1, model 1/1
i Fold05: preprocessor 1/1
i Fold05: preprocessor 1/1, model 1/1
i Fold07: preprocessor 1/1
i Fold07: preprocessor 1/1, model 1/1
i Fold09: preprocessor 1/1
i Fold09: preprocessor 1/1, model 1/1
i Fold05: preprocessor 1/1
i Fold05: preprocessor 1/1, model 1/1
i Fold07: preprocessor 1/1
i Fold07: preprocessor 1/1, model 1/1
i Fold09: preprocessor 1/1
i Fold09: preprocessor 1/1, model 1/1
i Fold05: preprocessor 1/1
i Fold05: preprocessor 1/1, model 1/1
i Fold07: preprocessor 1/1
i Fold07: preprocessor 1/1, model 1/1
i Fold09: preprocessor 1/1
i Fold09: preprocessor 1/1, model 1/1
i Fold05: preprocessor 1/1
i Fold05: preprocessor 1/1, model 1/1
i Fold07: preprocessor 1/1
i Fold07: preprocessor 1/1, model 1/1
i Fold09: preprocessor 1/1
i Fold09: preprocessor 1/1, model 1/1
i Fold05: preprocessor 1/1
i Fold05: preprocessor 1/1, model 1/1
i Fold07: preprocessor 1/1
i Fold07: preprocessor 1/1, model 1/1
i Fold09: preprocessor 1/1
i Fold09: preprocessor 1/1, model 1/1
i Fold05: preprocessor 1/1
i Fold05: preprocessor 1/1, model 1/1
i Fold07: preprocessor 1/1
i Fold07: preprocessor 1/1, model 1/1
i Fold09: preprocessor 1/1
i Fold09: preprocessor 1/1, model 1/1
i Fold05: preprocessor 1/1
i Fold05: preprocessor 1/1, model 1/1
i Fold07: preprocessor 1/1
i Fold07: preprocessor 1/1, model 1/1
i Fold09: preprocessor 1/1
i Fold09: preprocessor 1/1, model 1/1
i Fold05: preprocessor 1/1
i Fold05: preprocessor 1/1, model 1/1
i Fold07: preprocessor 1/1
i Fold07: preprocessor 1/1, model 1/1
i Fold09: preprocessor 1/1
i Fold09: preprocessor 1/1, model 1/1
i Fold05: preprocessor 1/1
i Fold05: preprocessor 1/1, model 1/1
i Fold07: preprocessor 1/1
i Fold07: preprocessor 1/1, model 1/1
i Fold09: preprocessor 1/1
i Fold09: preprocessor 1/1, model 1/1
i Fold05: preprocessor 1/1
i Fold05: preprocessor 1/1, model 1/1
i Fold07: preprocessor 1/1
i Fold07: preprocessor 1/1, model 1/1
i Fold09: preprocessor 1/1
i Fold09: preprocessor 1/1, model 1/1
i Fold05: preprocessor 1/1
i Fold05: preprocessor 1/1, model 1/1
i Fold07: preprocessor 1/1
i Fold07: preprocessor 1/1, model 1/1
i Fold09: preprocessor 1/1
i Fold09: preprocessor 1/1, model 1/1
i Fold05: preprocessor 1/1
i Fold05: preprocessor 1/1, model 1/1
i Fold07: preprocessor 1/1
i Fold07: preprocessor 1/1, model 1/1
i Fold09: preprocessor 1/1
i Fold09: preprocessor 1/1, model 1/1
i Fold05: preprocessor 1/1
i Fold05: preprocessor 1/1, model 1/1
i Fold07: preprocessor 1/1
i Fold07: preprocessor 1/1, model 1/1
i Fold09: preprocessor 1/1
i Fold09: preprocessor 1/1, model 1/1
i Fold05: preprocessor 1/1
i Fold05: preprocessor 1/1, model 1/1
i Fold07: preprocessor 1/1
i Fold07: preprocessor 1/1, model 1/1
i Fold09: preprocessor 1/1
i Fold09: preprocessor 1/1, model 1/1
i Fold05: preprocessor 1/1
i Fold05: preprocessor 1/1, model 1/1
i Fold07: preprocessor 1/1
i Fold07: preprocessor 1/1, model 1/1
i Fold09: preprocessor 1/1
i Fold09: preprocessor 1/1, model 1/1
i Fold05: preprocessor 1/1
i Fold05: preprocessor 1/1, model 1/1
i Fold07: preprocessor 1/1
i Fold07: preprocessor 1/1, model 1/1
i Fold09: preprocessor 1/1
i Fold09: preprocessor 1/1, model 1/1
i Fold05: preprocessor 1/1
i Fold05: preprocessor 1/1, model 1/1
i Fold07: preprocessor 1/1
i Fold07: preprocessor 1/1, model 1/1
i Fold09: preprocessor 1/1
i Fold09: preprocessor 1/1, model 1/1
i Fold05: preprocessor 1/1
i Fold05: preprocessor 1/1, model 1/1
i Fold07: preprocessor 1/1
i Fold07: preprocessor 1/1, model 1/1
i Fold09: preprocessor 1/1
i Fold09: preprocessor 1/1, model 1/1
i Fold05: preprocessor 1/1
i Fold05: preprocessor 1/1, model 1/1
i Fold07: preprocessor 1/1
i Fold07: preprocessor 1/1, model 1/1
i Fold09: preprocessor 1/1
i Fold09: preprocessor 1/1, model 1/1
i Fold05: preprocessor 1/1
i Fold05: preprocessor 1/1, model 1/1
i Fold07: preprocessor 1/1
i Fold07: preprocessor 1/1, model 1/1
i Fold09: preprocessor 1/1
i Fold09: preprocessor 1/1, model 1/1
i Fold05: preprocessor 1/1
i Fold05: preprocessor 1/1, model 1/1
i Fold07: preprocessor 1/1
i Fold07: preprocessor 1/1, model 1/1
i Fold09: preprocessor 1/1
i Fold09: preprocessor 1/1, model 1/1
i Fold05: preprocessor 1/1
i Fold05: preprocessor 1/1, model 1/1
i Fold07: preprocessor 1/1
i Fold07: preprocessor 1/1, model 1/1
i Fold09: preprocessor 1/1
i Fold09: preprocessor 1/1, model 1/1
i Fold05: preprocessor 1/1
i Fold05: preprocessor 1/1, model 1/1
i Fold07: preprocessor 1/1
i Fold07: preprocessor 1/1, model 1/1
i Fold09: preprocessor 1/1
i Fold09: preprocessor 1/1, model 1/1
i Fold05: preprocessor 1/1
i Fold05: preprocessor 1/1, model 1/1
i Fold07: preprocessor 1/1
i Fold07: preprocessor 1/1, model 1/1
i Fold09: preprocessor 1/1
i Fold09: preprocessor 1/1, model 1/1
i Fold05: preprocessor 1/1
i Fold05: preprocessor 1/1, model 1/1
i Fold07: preprocessor 1/1
i Fold07: preprocessor 1/1, model 1/1
i Fold09: preprocessor 1/1
i Fold09: preprocessor 1/1, model 1/1
i Fold05: preprocessor 1/1
i Fold05: preprocessor 1/1, model 1/1
i Fold07: preprocessor 1/1
i Fold07: preprocessor 1/1, model 1/1
i Fold09: preprocessor 1/1
i Fold09: preprocessor 1/1, model 1/1
i Fold05: preprocessor 1/1
i Fold05: preprocessor 1/1, model 1/1
i Fold07: preprocessor 1/1
i Fold07: preprocessor 1/1, model 1/1
i Fold09: preprocessor 1/1
i Fold09: preprocessor 1/1, model 1/1
i Fold05: preprocessor 1/1
i Fold05: preprocessor 1/1, model 1/1
i Fold07: preprocessor 1/1
i Fold07: preprocessor 1/1, model 1/1
i Fold09: preprocessor 1/1
i Fold09: preprocessor 1/1, model 1/1
i Fold05: preprocessor 1/1
i Fold05: preprocessor 1/1, model 1/1
i Fold07: preprocessor 1/1
i Fold07: preprocessor 1/1, model 1/1
i Fold09: preprocessor 1/1
i Fold09: preprocessor 1/1, model 1/1
i Fold05: preprocessor 1/1
i Fold05: preprocessor 1/1, model 1/1
i Fold07: preprocessor 1/1
i Fold07: preprocessor 1/1, model 1/1
i Fold09: preprocessor 1/1
i Fold09: preprocessor 1/1, model 1/1
i Fold05: preprocessor 1/1
i Fold05: preprocessor 1/1, model 1/1
i Fold07: preprocessor 1/1
i Fold07: preprocessor 1/1, model 1/1
i Fold09: preprocessor 1/1
i Fold09: preprocessor 1/1, model 1/1
i Fold05: preprocessor 1/1
i Fold05: preprocessor 1/1, model 1/1
i Fold07: preprocessor 1/1
i Fold07: preprocessor 1/1, model 1/1
i Fold09: preprocessor 1/1
i Fold09: preprocessor 1/1, model 1/1
i Fold05: preprocessor 1/1
i Fold05: preprocessor 1/1, model 1/1
i Fold07: preprocessor 1/1
i Fold07: preprocessor 1/1, model 1/1
i Fold09: preprocessor 1/1
i Fold09: preprocessor 1/1, model 1/1
i Fold05: preprocessor 1/1
i Fold05: preprocessor 1/1, model 1/1
i Fold07: preprocessor 1/1
i Fold07: preprocessor 1/1, model 1/1
i Fold09: preprocessor 1/1
i Fold09: preprocessor 1/1, model 1/1
i Fold05: preprocessor 1/1
i Fold05: preprocessor 1/1, model 1/1
i Fold07: preprocessor 1/1
i Fold07: preprocessor 1/1, model 1/1
i Fold09: preprocessor 1/1
i Fold09: preprocessor 1/1, model 1/1
i Fold05: preprocessor 1/1
i Fold05: preprocessor 1/1, model 1/1
i Fold07: preprocessor 1/1
i Fold07: preprocessor 1/1, model 1/1
i Fold09: preprocessor 1/1
i Fold09: preprocessor 1/1, model 1/1
i Fold05: preprocessor 1/1
i Fold05: preprocessor 1/1, model 1/1
i Fold07: preprocessor 1/1
i Fold07: preprocessor 1/1, model 1/1
i Fold09: preprocessor 1/1
i Fold09: preprocessor 1/1, model 1/1
i Fold05: preprocessor 1/1
i Fold05: preprocessor 1/1, model 1/1
i Fold07: preprocessor 1/1
i Fold07: preprocessor 1/1, model 1/1
i Fold09: preprocessor 1/1
i Fold09: preprocessor 1/1, model 1/1
i Fold05: preprocessor 1/1
i Fold05: preprocessor 1/1, model 1/1
i Fold07: preprocessor 1/1
i Fold07: preprocessor 1/1, model 1/1
i Fold09: preprocessor 1/1
i Fold09: preprocessor 1/1, model 1/1
i Fold05: preprocessor 1/1
i Fold05: preprocessor 1/1, model 1/1
i Fold07: preprocessor 1/1
i Fold07: preprocessor 1/1, model 1/1
i Fold09: preprocessor 1/1
i Fold09: preprocessor 1/1, model 1/1
i Fold05: preprocessor 1/1
i Fold05: preprocessor 1/1, model 1/1
i Fold07: preprocessor 1/1
i Fold07: preprocessor 1/1, model 1/1
i Fold09: preprocessor 1/1
i Fold09: preprocessor 1/1, model 1/1
i Fold05: preprocessor 1/1
i Fold05: preprocessor 1/1, model 1/1
i Fold07: preprocessor 1/1
i Fold07: preprocessor 1/1, model 1/1
i Fold09: preprocessor 1/1
i Fold09: preprocessor 1/1, model 1/1
i Fold05: preprocessor 1/1
i Fold05: preprocessor 1/1, model 1/1
i Fold07: preprocessor 1/1
i Fold07: preprocessor 1/1, model 1/1
i Fold09: preprocessor 1/1
i Fold09: preprocessor 1/1, model 1/1
i Fold05: preprocessor 1/1
i Fold05: preprocessor 1/1, model 1/1
i Fold07: preprocessor 1/1
i Fold07: preprocessor 1/1, model 1/1
i Fold09: preprocessor 1/1
i Fold09: preprocessor 1/1, model 1/1
i Fold05: preprocessor 1/1
i Fold05: preprocessor 1/1, model 1/1
i Fold07: preprocessor 1/1
i Fold07: preprocessor 1/1, model 1/1
i Fold09: preprocessor 1/1
i Fold09: preprocessor 1/1, model 1/1
i Fold05: preprocessor 1/1
i Fold05: preprocessor 1/1, model 1/1
i Fold07: preprocessor 1/1
i Fold07: preprocessor 1/1, model 1/1
i Fold09: preprocessor 1/1
i Fold09: preprocessor 1/1, model 1/1
i Fold05: preprocessor 1/1
i Fold05: preprocessor 1/1, model 1/1
i Fold07: preprocessor 1/1
i Fold07: preprocessor 1/1, model 1/1
i Fold09: preprocessor 1/1
i Fold09: preprocessor 1/1, model 1/1
i Fold05: preprocessor 1/1
i Fold05: preprocessor 1/1, model 1/1
i Fold07: preprocessor 1/1
i Fold07: preprocessor 1/1, model 1/1
i Fold09: preprocessor 1/1
i Fold09: preprocessor 1/1, model 1/1
i Fold05: preprocessor 1/1
i Fold05: preprocessor 1/1, model 1/1
i Fold07: preprocessor 1/1
i Fold07: preprocessor 1/1, model 1/1
i Fold09: preprocessor 1/1
i Fold09: preprocessor 1/1, model 1/1
i Fold05: preprocessor 1/1
i Fold05: preprocessor 1/1, model 1/1
i Fold07: preprocessor 1/1
i Fold07: preprocessor 1/1, model 1/1
i Fold09: preprocessor 1/1
i Fold09: preprocessor 1/1, model 1/1
i Fold05: preprocessor 1/1
i Fold05: preprocessor 1/1, model 1/1
i Fold07: preprocessor 1/1
i Fold07: preprocessor 1/1, model 1/1
i Fold09: preprocessor 1/1
i Fold09: preprocessor 1/1, model 1/1
i Fold05: preprocessor 1/1
i Fold05: preprocessor 1/1, model 1/1
i Fold07: preprocessor 1/1
i Fold07: preprocessor 1/1, model 1/1
i Fold09: preprocessor 1/1
i Fold09: preprocessor 1/1, model 1/1
i Fold05: preprocessor 1/1
i Fold05: preprocessor 1/1, model 1/1
i Fold07: preprocessor 1/1
i Fold07: preprocessor 1/1, model 1/1
i Fold09: preprocessor 1/1
i Fold09: preprocessor 1/1, model 1/1
i Fold05: preprocessor 1/1
i Fold05: preprocessor 1/1, model 1/1
i Fold07: preprocessor 1/1
i Fold07: preprocessor 1/1, model 1/1
i Fold09: preprocessor 1/1
i Fold09: preprocessor 1/1, model 1/1
i Fold05: preprocessor 1/1
i Fold05: preprocessor 1/1, model 1/1
i Fold07: preprocessor 1/1
i Fold07: preprocessor 1/1, model 1/1
i Fold09: preprocessor 1/1
i Fold09: preprocessor 1/1, model 1/1
i Fold05: preprocessor 1/1
i Fold05: preprocessor 1/1, model 1/1
i Fold07: preprocessor 1/1
i Fold07: preprocessor 1/1, model 1/1
i Fold09: preprocessor 1/1
i Fold09: preprocessor 1/1, model 1/1
i Fold05: preprocessor 1/1
i Fold05: preprocessor 1/1, model 1/1
i Fold07: preprocessor 1/1
i Fold07: preprocessor 1/1, model 1/1
i Fold09: preprocessor 1/1
i Fold09: preprocessor 1/1, model 1/1
i Fold05: preprocessor 1/1
i Fold05: preprocessor 1/1, model 1/1
i Fold07: preprocessor 1/1
i Fold07: preprocessor 1/1, model 1/1
i Fold09: preprocessor 1/1
i Fold09: preprocessor 1/1, model 1/1
i Fold05: preprocessor 1/1
i Fold05: preprocessor 1/1, model 1/1
i Fold07: preprocessor 1/1
i Fold07: preprocessor 1/1, model 1/1
i Fold09: preprocessor 1/1
i Fold09: preprocessor 1/1, model 1/1
i Fold05: preprocessor 1/1
i Fold05: preprocessor 1/1, model 1/1
i Fold07: preprocessor 1/1
i Fold07: preprocessor 1/1, model 1/1
i Fold09: preprocessor 1/1
i Fold09: preprocessor 1/1, model 1/1
i Fold05: preprocessor 1/1
i Fold05: preprocessor 1/1, model 1/1
i Fold07: preprocessor 1/1
i Fold07: preprocessor 1/1, model 1/1
i Fold09: preprocessor 1/1
i Fold09: preprocessor 1/1, model 1/1
i Fold05: preprocessor 1/1
i Fold05: preprocessor 1/1, model 1/1
i Fold07: preprocessor 1/1
i Fold07: preprocessor 1/1, model 1/1
i Fold09: preprocessor 1/1
i Fold09: preprocessor 1/1, model 1/1
i Fold05: preprocessor 1/1
i Fold05: preprocessor 1/1, model 1/1
i Fold07: preprocessor 1/1
i Fold07: preprocessor 1/1, model 1/1
i Fold09: preprocessor 1/1
i Fold09: preprocessor 1/1, model 1/1
i Fold05: preprocessor 1/1
i Fold05: preprocessor 1/1, model 1/1
i Fold07: preprocessor 1/1
i Fold07: preprocessor 1/1, model 1/1
i Fold09: preprocessor 1/1
i Fold09: preprocessor 1/1, model 1/1
i Fold05: preprocessor 1/1
i Fold05: preprocessor 1/1, model 1/1
i Fold07: preprocessor 1/1
i Fold07: preprocessor 1/1, model 1/1
i Fold09: preprocessor 1/1
i Fold09: preprocessor 1/1, model 1/1
i Fold05: preprocessor 1/1
i Fold05: preprocessor 1/1, model 1/1
i Fold07: preprocessor 1/1
i Fold07: preprocessor 1/1, model 1/1
i Fold09: preprocessor 1/1
i Fold09: preprocessor 1/1, model 1/1
i Fold05: preprocessor 1/1
i Fold05: preprocessor 1/1, model 1/1
i Fold07: preprocessor 1/1
i Fold07: preprocessor 1/1, model 1/1
i Fold09: preprocessor 1/1
i Fold09: preprocessor 1/1, model 1/1
i Fold05: preprocessor 1/1
i Fold05: preprocessor 1/1, model 1/1
i Fold07: preprocessor 1/1
i Fold07: preprocessor 1/1, model 1/1
i Fold09: preprocessor 1/1
i Fold09: preprocessor 1/1, model 1/1
i Fold05: preprocessor 1/1
i Fold05: preprocessor 1/1, model 1/1
i Fold07: preprocessor 1/1
i Fold07: preprocessor 1/1, model 1/1
i Fold09: preprocessor 1/1
i Fold09: preprocessor 1/1, model 1/1
i Fold05: preprocessor 1/1
i Fold05: preprocessor 1/1, model 1/1
i Fold07: preprocessor 1/1
i Fold07: preprocessor 1/1, model 1/1
i Fold09: preprocessor 1/1
i Fold09: preprocessor 1/1, model 1/1
i Fold05: preprocessor 1/1
i Fold05: preprocessor 1/1, model 1/1
i Fold07: preprocessor 1/1
i Fold07: preprocessor 1/1, model 1/1
i Fold09: preprocessor 1/1
i Fold09: preprocessor 1/1, model 1/1
i Fold05: preprocessor 1/1
i Fold05: preprocessor 1/1, model 1/1
i Fold07: preprocessor 1/1
i Fold07: preprocessor 1/1, model 1/1
i Fold09: preprocessor 1/1
i Fold09: preprocessor 1/1, model 1/1
i Fold05: preprocessor 1/1
i Fold05: preprocessor 1/1, model 1/1
i Fold07: preprocessor 1/1
i Fold07: preprocessor 1/1, model 1/1
i Fold09: preprocessor 1/1
i Fold09: preprocessor 1/1, model 1/1
i Fold05: preprocessor 1/1
i Fold05: preprocessor 1/1, model 1/1
i Fold07: preprocessor 1/1
i Fold07: preprocessor 1/1, model 1/1
i Fold09: preprocessor 1/1
i Fold09: preprocessor 1/1, model 1/1
i Fold05: preprocessor 1/1
i Fold05: preprocessor 1/1, model 1/1
i Fold07: preprocessor 1/1
i Fold07: preprocessor 1/1, model 1/1
i Fold09: preprocessor 1/1
i Fold09: preprocessor 1/1, model 1/1
i Fold05: preprocessor 1/1
i Fold05: preprocessor 1/1, model 1/1
i Fold07: preprocessor 1/1
i Fold07: preprocessor 1/1, model 1/1
i Fold09: preprocessor 1/1
i Fold09: preprocessor 1/1, model 1/1
i Fold05: preprocessor 1/1
i Fold05: preprocessor 1/1, model 1/1
i Fold07: preprocessor 1/1
i Fold07: preprocessor 1/1, model 1/1
i Fold09: preprocessor 1/1
i Fold09: preprocessor 1/1, model 1/1
i Fold05: preprocessor 1/1
i Fold05: preprocessor 1/1, model 1/1
i Fold07: preprocessor 1/1
i Fold07: preprocessor 1/1, model 1/1
i Fold09: preprocessor 1/1
i Fold09: preprocessor 1/1, model 1/1
i Fold05: preprocessor 1/1
i Fold05: preprocessor 1/1, model 1/1
i Fold07: preprocessor 1/1
i Fold07: preprocessor 1/1, model 1/1
i Fold09: preprocessor 1/1
i Fold09: preprocessor 1/1, model 1/1
i Fold05: preprocessor 1/1
i Fold05: preprocessor 1/1, model 1/1
i Fold07: preprocessor 1/1
i Fold07: preprocessor 1/1, model 1/1
i Fold09: preprocessor 1/1
i Fold09: preprocessor 1/1, model 1/1
i Fold05: preprocessor 1/1
i Fold05: preprocessor 1/1, model 1/1
i Fold07: preprocessor 1/1
i Fold07: preprocessor 1/1, model 1/1
i Fold09: preprocessor 1/1
i Fold09: preprocessor 1/1, model 1/1
i Fold05: preprocessor 1/1
i Fold05: preprocessor 1/1, model 1/1
i Fold07: preprocessor 1/1
i Fold07: preprocessor 1/1, model 1/1
i Fold09: preprocessor 1/1
i Fold09: preprocessor 1/1, model 1/1
i Fold05: preprocessor 1/1
i Fold05: preprocessor 1/1, model 1/1
i Fold07: preprocessor 1/1
i Fold07: preprocessor 1/1, model 1/1
i Fold09: preprocessor 1/1
i Fold09: preprocessor 1/1, model 1/1
i Fold05: preprocessor 1/1
i Fold05: preprocessor 1/1, model 1/1
i Fold07: preprocessor 1/1
i Fold07: preprocessor 1/1, model 1/1
i Fold09: preprocessor 1/1
i Fold09: preprocessor 1/1, model 1/1
i Fold05: preprocessor 1/1
i Fold05: preprocessor 1/1, model 1/1
i Fold07: preprocessor 1/1
i Fold07: preprocessor 1/1, model 1/1
i Fold09: preprocessor 1/1
i Fold09: preprocessor 1/1, model 1/1
i Fold05: preprocessor 1/1
i Fold05: preprocessor 1/1, model 1/1
i Fold07: preprocessor 1/1
i Fold07: preprocessor 1/1, model 1/1
i Fold09: preprocessor 1/1
i Fold09: preprocessor 1/1, model 1/1
i Fold05: preprocessor 1/1
i Fold05: preprocessor 1/1, model 1/1
i Fold07: preprocessor 1/1
i Fold07: preprocessor 1/1, model 1/1
i Fold09: preprocessor 1/1
i Fold09: preprocessor 1/1, model 1/1
i Fold05: preprocessor 1/1
i Fold05: preprocessor 1/1, model 1/1
i Fold07: preprocessor 1/1
i Fold07: preprocessor 1/1, model 1/1
i Fold09: preprocessor 1/1
i Fold09: preprocessor 1/1, model 1/1
i Fold05: preprocessor 1/1
i Fold05: preprocessor 1/1, model 1/1
i Fold07: preprocessor 1/1
i Fold07: preprocessor 1/1, model 1/1
i Fold09: preprocessor 1/1
i Fold09: preprocessor 1/1, model 1/1
i Fold05: preprocessor 1/1
i Fold05: preprocessor 1/1, model 1/1
i Fold07: preprocessor 1/1
i Fold07: preprocessor 1/1, model 1/1
i Fold09: preprocessor 1/1
i Fold09: preprocessor 1/1, model 1/1
i Fold05: preprocessor 1/1
i Fold05: preprocessor 1/1, model 1/1
i Fold07: preprocessor 1/1
i Fold07: preprocessor 1/1, model 1/1
i Fold09: preprocessor 1/1
i Fold09: preprocessor 1/1, model 1/1
i Fold05: preprocessor 1/1
i Fold05: preprocessor 1/1, model 1/1
i Fold07: preprocessor 1/1
i Fold07: preprocessor 1/1, model 1/1
i Fold09: preprocessor 1/1
i Fold09: preprocessor 1/1, model 1/1
i Fold05: preprocessor 1/1
i Fold05: preprocessor 1/1, model 1/1
i Fold07: preprocessor 1/1
i Fold07: preprocessor 1/1, model 1/1
i Fold09: preprocessor 1/1
i Fold09: preprocessor 1/1, model 1/1
i Fold05: preprocessor 1/1
i Fold05: preprocessor 1/1, model 1/1
i Fold07: preprocessor 1/1
i Fold07: preprocessor 1/1, model 1/1
i Fold09: preprocessor 1/1
i Fold09: preprocessor 1/1, model 1/1
i Fold05: preprocessor 1/1
i Fold05: preprocessor 1/1, model 1/1
i Fold07: preprocessor 1/1
i Fold07: preprocessor 1/1, model 1/1
i Fold09: preprocessor 1/1
i Fold09: preprocessor 1/1, model 1/1
i Fold05: preprocessor 1/1
i Fold05: preprocessor 1/1, model 1/1
i Fold07: preprocessor 1/1
i Fold07: preprocessor 1/1, model 1/1
i Fold09: preprocessor 1/1
i Fold09: preprocessor 1/1, model 1/1
i Fold05: preprocessor 1/1
i Fold05: preprocessor 1/1, model 1/1
i Fold07: preprocessor 1/1
i Fold07: preprocessor 1/1, model 1/1
i Fold09: preprocessor 1/1
i Fold09: preprocessor 1/1, model 1/1
i Fold05: preprocessor 1/1
i Fold05: preprocessor 1/1, model 1/1
i Fold07: preprocessor 1/1
i Fold07: preprocessor 1/1, model 1/1
i Fold09: preprocessor 1/1
i Fold09: preprocessor 1/1, model 1/1
i Fold05: preprocessor 1/1
i Fold05: preprocessor 1/1, model 1/1
i Fold07: preprocessor 1/1
i Fold07: preprocessor 1/1, model 1/1
i Fold09: preprocessor 1/1
i Fold09: preprocessor 1/1, model 1/1
i Fold05: preprocessor 1/1
i Fold05: preprocessor 1/1, model 1/1
Error in `dplyr::filter()`:
ℹ In argument: `.metric == metric`.
Caused by error:
! object '.metric' not found
Backtrace:
     ▆
  1. ├─finetune::tune_race_anova(...)
  2. ├─finetune:::tune_race_anova.model_spec(...)
  3. │ └─finetune:::tune_race_anova_workflow(...)
  4. │   └─finetune:::test_parameters_gls(res, control$alpha, opt_metric_time)
  5. │     ├─dplyr::filter(...)
  6. │     └─dplyr:::filter.data.frame(tune::collect_metrics(x, summarize = FALSE), .metric == metric)
  7. │       └─dplyr:::filter_impl(...)
  8. │         └─dplyr:::filter_rows(...)
  9. │           └─dplyr:::filter_eval(...)
 10. │             ├─base::withCallingHandlers(...)
 11. │             └─mask$eval_all_filter(dots_expanded, invert, env_filter)
 12. │               └─dplyr (local) eval()
 13. └─base::.handleSimpleError(...)
 14.   └─dplyr (local) h(simpleError(msg, call))
 15.     └─rlang::abort(message, class = error_class, parent = parent, call = error_call)
Warning message:
All models failed. Run `show_notes(.Last.tune.result)` for more information. 
Execution halted
