── Attaching packages ────────────────────────────────────── tidymodels 1.4.1 ──
✔ broom        1.0.12     ✔ recipes      1.3.2 
✔ dials        1.4.3      ✔ rsample      1.3.2 
✔ dplyr        1.2.1      ✔ tailor       0.1.0 
✔ ggplot2      4.0.2      ✔ tidyr        1.3.2 
✔ infer        1.1.0      ✔ tune         2.0.1 
✔ modeldata    1.5.1      ✔ workflows    1.3.0 
✔ parsnip      1.5.0      ✔ workflowsets 1.1.1 
✔ purrr        1.2.2      ✔ yardstick    1.4.0 
── Conflicts ───────────────────────────────────────── tidymodels_conflicts() ──
✖ purrr::discard() masks scales::discard()
✖ dplyr::filter()  masks stats::filter()
✖ dplyr::lag()     masks stats::lag()
✖ recipes::step()  masks stats::step()

Attaching package: ‘vip’

The following object is masked from ‘package:utils’:

    vi

── Attaching core tidyverse packages ──────────────────────── tidyverse 2.0.0 ──
✔ forcats   1.0.1     ✔ stringr   1.5.1
✔ lubridate 1.9.5     ✔ tibble    3.2.1
✔ readr     2.2.0     
── Conflicts ────────────────────────────────────────── tidyverse_conflicts() ──
✖ readr::col_factor() masks scales::col_factor()
✖ purrr::discard()    masks scales::discard()
✖ dplyr::filter()     masks stats::filter()
✖ stringr::fixed()    masks recipes::fixed()
✖ dplyr::lag()        masks stats::lag()
✖ readr::spec()       masks yardstick::spec()
ℹ Use the conflicted package (<http://conflicted.r-lib.org/>) to force all conflicts to become errors
Loading required package: foreach

Attaching package: ‘foreach’

The following objects are masked from ‘package:purrr’:

    accumulate, when

Loading required package: iterators
Loading required package: parallel
Error:
! 
  '/home/hm64666/final_project/data/training/training_model_monthly_weather_final.csv'
  does not exist.
Backtrace:
    ▆
 1. ├─readr::read_csv(train_path)
 2. │ └─vroom::vroom(...)
 3. │   └─vroom:::vroom_(...)
 4. └─vroom (local) `<fn>`("/home/hm64666/final_project/data/training/training_model_monthly_weather_final.csv")
 5.   └─vroom:::check_path(path)
 6.     └─cli::cli_abort(msg, call = call)
 7.       └─rlang::abort(...)
Execution halted
